<?xml version="1.0" encoding="utf-8"?>
<bom xmlns:xsi="http://www.w3.org/2001/XMLSchema-instance" xmlns:xsd="http://www.w3.org/2001/XMLSchema" version="1" xmlns="http://cyclonedx.org/schema/bom/1.2">
  <metadata>
    <tools>
      <tool>
        <vendor>CycloneDX</vendor>
        <name>CycloneDX module for .NET</name>
        <version>1.0.0.0</version>
      </tool>
    </tools>
  </metadata>
  <components>
    <component type="library">
      <publisher>tonerdo</publisher>
      <name>coverlet.msbuild</name>
      <version>2.9.0</version>
      <description>Coverlet is a cross platform code coverage library for .NET, with support for line, branch and method coverage.</description>
      <scope>excluded</scope>
      <hashes>
        <hash alg="SHA-512">6454F43BCCEA377FFDD65FFE43D1FD306D967F0379AA090CF05EAFE7BE97DBBD2EE26495827508C94846D5B4E7E7C99EA974E5DE9679E471221A6B612235508C</hash>
      </hashes>
      <licenses>
        <license>
          <id>MIT</id>
        </license>
      </licenses>
      <purl>pkg:nuget/coverlet.msbuild@2.9.0</purl>
      <externalReferences>
        <reference type="website">
          <url>https://github.com/coverlet-coverage/coverlet</url>
        </reference>
        <reference type="vcs">
          <url>https://github.com/coverlet-coverage/coverlet.git</url>
        </reference>
      </externalReferences>
    </component>
    <component type="library">
      <publisher>Microsoft</publisher>
      <name>Microsoft.NETCore.App</name>
      <version>2.1.0</version>
      <description>A set of .NET API's that are included in the default .NET Core application model. 
caa7b7e2bad98e56a687fb5cbaf60825500800f7 
When using NuGet 3.x this package requires at least version 3.4.</description>
      <scope>excluded</scope>
      <hashes>
        <hash alg="SHA-512">D83B514E902151D68F0E704CD51E136E5D61C4B5BEDCBE3F6F23289C8FBB68040F15199578A7357A998CE30A7103887513BB8AEAD48F381394EDFF8C0DC63906</hash>
      </hashes>
      <licenses>
        <license>
          <url>https://github.com/dotnet/core-setup/blob/master/LICENSE.TXT</url>
        </license>
      </licenses>
      <copyright>© Microsoft Corporation.  All rights reserved.</copyright>
      <purl>pkg:nuget/Microsoft.NETCore.App@2.1.0</purl>
      <externalReferences>
        <reference type="website">
          <url>https://dot.net/</url>
        </reference>
      </externalReferences>
    </component>
    <component type="library">
      <publisher>Microsoft</publisher>
      <name>Microsoft.NETCore.DotNetAppHost</name>
      <version>2.1.0</version>
      <description>Provides the .NET Core app bootstrapper intended for use in the application directory 
caa7b7e2bad98e56a687fb5cbaf60825500800f7 
When using NuGet 3.x this package requires at least version 3.4.</description>
      <scope>excluded</scope>
      <hashes>
        <hash alg="SHA-512">719880484F35AE4B0F26C189D3885DFEE127EA0B8D180A2A36CAF313F0CFE8068D44F087C137BA9D9BC7778B803E3DCC695450DD4D1CE9C47270C6870982CF51</hash>
      </hashes>
      <licenses>
        <license>
          <url>https://github.com/dotnet/core-setup/blob/master/LICENSE.TXT</url>
        </license>
      </licenses>
      <copyright>© Microsoft Corporation.  All rights reserved.</copyright>
      <purl>pkg:nuget/Microsoft.NETCore.DotNetAppHost@2.1.0</purl>
      <externalReferences>
        <reference type="website">
          <url>https://dot.net/</url>
        </reference>
      </externalReferences>
    </component>
    <component type="library">
      <publisher>Microsoft</publisher>
      <name>Microsoft.NETCore.DotNetHostPolicy</name>
      <version>2.1.0</version>
      <description>Provides a CoreCLR hosting policy implementation -- configuration settings, assembly paths and assembly servicing 
caa7b7e2bad98e56a687fb5cbaf60825500800f7 
When using NuGet 3.x this package requires at least version 3.4.</description>
      <scope>excluded</scope>
      <hashes>
        <hash alg="SHA-512">2DD8525941199856A5873E9F2C113958398274EF63AAF5B9AB709439393D9FF85D9A6C274EEECAA303CF230E69DADD6F9FBA334AD2C6DD164C25B7F8F1FED6B4</hash>
      </hashes>
      <licenses>
        <license>
          <url>https://github.com/dotnet/core-setup/blob/master/LICENSE.TXT</url>
        </license>
      </licenses>
      <copyright>© Microsoft Corporation.  All rights reserved.</copyright>
      <purl>pkg:nuget/Microsoft.NETCore.DotNetHostPolicy@2.1.0</purl>
      <externalReferences>
        <reference type="website">
          <url>https://dot.net/</url>
        </reference>
      </externalReferences>
    </component>
    <component type="library">
      <publisher>Microsoft</publisher>
      <name>Microsoft.NETCore.DotNetHostResolver</name>
      <version>2.1.0</version>
      <description>Provides an implementation of framework resolution strategy used by Microsoft.NETCore.DotNetHost 
caa7b7e2bad98e56a687fb5cbaf60825500800f7 
When using NuGet 3.x this package requires at least version 3.4.</description>
      <scope>excluded</scope>
      <hashes>
        <hash alg="SHA-512">FBD0FB1B9F45CF51F664EF3B1E5825ED9BF8E01AC09969F245FAABA1FAC75B88104EEE7BDF140FE9CB9888D51EAABD7CF5E1FA859BA1E4C29484EA141898EA89</hash>
      </hashes>
      <licenses>
        <license>
          <url>https://github.com/dotnet/core-setup/blob/master/LICENSE.TXT</url>
        </license>
      </licenses>
      <copyright>© Microsoft Corporation.  All rights reserved.</copyright>
      <purl>pkg:nuget/Microsoft.NETCore.DotNetHostResolver@2.1.0</purl>
      <externalReferences>
        <reference type="website">
          <url>https://dot.net/</url>
        </reference>
      </externalReferences>
    </component>
    <component type="library">
      <publisher>Microsoft</publisher>
      <name>Microsoft.NETCore.Platforms</name>
      <version>2.1.0</version>
      <description>Provides runtime information required to resolve target framework, platform, and runtime specific implementations of .NETCore packages. 
30ab651fcb4354552bd4891619a0bdd81e0ebdbf 
When using NuGet 3.x this package requires at least version 3.4.</description>
      <scope>excluded</scope>
      <hashes>
        <hash alg="SHA-512">1A690A7E8C9EAEA9AC1CC9FB3998F400AA5C05A6C3F8669A7EAA61BD7D8CC38D3A230889472D6929C2AA7427CA25F626911C89EBE7BE45A532960749A036B58D</hash>
      </hashes>
      <licenses>
        <license>
          <url>https://github.com/dotnet/corefx/blob/master/LICENSE.TXT</url>
        </license>
      </licenses>
      <copyright>© Microsoft Corporation.  All rights reserved.</copyright>
      <purl>pkg:nuget/Microsoft.NETCore.Platforms@2.1.0</purl>
      <externalReferences>
        <reference type="website">
          <url>https://dot.net/</url>
        </reference>
      </externalReferences>
    </component>
    <component type="library">
      <publisher>Microsoft</publisher>
      <name>Microsoft.NETCore.Targets</name>
      <version>2.1.0</version>
      <description>Provides supporting infrastructure for portable projects: support identifiers that define framework and runtime for support targets and packages that reference the minimum supported package versions when targeting these. 
30ab651fcb4354552bd4891619a0bdd81e0ebdbf 
When using NuGet 3.x this package requires at least version 3.4.</description>
      <scope>excluded</scope>
      <hashes>
        <hash alg="SHA-512">23634001E3F27C0CD22E5FC05A680DB38F77C494030EA9762DDA71DCF465EDF13E16BB207469951F2C9695F777768324C473ECB4E92A6151AF48B6C8061CB3B2</hash>
      </hashes>
      <licenses>
        <license>
          <url>https://github.com/dotnet/corefx/blob/master/LICENSE.TXT</url>
        </license>
      </licenses>
      <copyright>© Microsoft Corporation.  All rights reserved.</copyright>
      <purl>pkg:nuget/Microsoft.NETCore.Targets@2.1.0</purl>
      <externalReferences>
        <reference type="website">
          <url>https://dot.net/</url>
        </reference>
      </externalReferences>
    </component>
    <component type="library">
      <publisher>Microsoft</publisher>
      <name>NETStandard.Library</name>
      <version>2.0.3</version>
      <description>A set of standard .NET APIs that are prescribed to be used and supported together. 
18a36291e48808fa7ef2d00a764ceb1ec95645a5 
When using NuGet 3.x this package requires at least version 3.4.</description>
      <scope>excluded</scope>
      <hashes>
        <hash alg="SHA-512">E78F0CEA69C14895B1B089644077DBCE8631A626055D96522F4D29E061D8BFC3E48AA1419E74FAF265B998612C03F721F5F0CEF4690F824150A5689764DEE601</hash>
      </hashes>
      <licenses>
        <license>
          <url>https://github.com/dotnet/standard/blob/master/LICENSE.TXT</url>
        </license>
      </licenses>
      <copyright>.NET Foundation and Contributors</copyright>
      <purl>pkg:nuget/NETStandard.Library@2.0.3</purl>
      <externalReferences>
        <reference type="website">
          <url>https://dot.net/</url>
        </reference>
      </externalReferences>
    </component>
    <component type="library">
      <publisher>James Newton-King</publisher>
      <name>Newtonsoft.Json</name>
      <version>12.0.3</version>
      <description>Json.NET is a popular high-performance JSON framework for .NET</description>
      <scope>excluded</scope>
      <hashes>
        <hash alg="SHA-512">6934665F0479C58BBE996C44F2BF16D435A72F4D92795F0BC1D40CB0BC1358FF0E660AC20B24EABCE01EE6145BD553506178E59FBAABD0F2A94B23BFA5C735F5</hash>
      </hashes>
      <licenses>
        <license>
          <id>MIT</id>
        </license>
      </licenses>
      <copyright>Copyright © James Newton-King 2008</copyright>
      <purl>pkg:nuget/Newtonsoft.Json@12.0.3</purl>
      <externalReferences>
        <reference type="website">
          <url>https://www.newtonsoft.com/json</url>
        </reference>
        <reference type="vcs">
          <url>https://github.com/JamesNK/Newtonsoft.Json</url>
        </reference>
      </externalReferences>
    </component>
    <component type="library">
      <publisher>James Newkirk,Brad Wilson</publisher>
      <name>xunit</name>
      <version>2.4.1</version>
      <description>xUnit.net is a developer testing framework, built to support Test Driven Development.</description>
      <scope>excluded</scope>
      <hashes>
        <hash alg="SHA-512">3B0061A5ECFD49166F123AA27375956C00AEDB0B22F6EE6A8BE629CD583A0532F7476E51FFACAD3385245139F1F9D4990C9DC850FC7EF7D097FD85E7C6B40058</hash>
      </hashes>
      <licenses>
        <license>
          <url>https://raw.githubusercontent.com/xunit/xunit/master/license.txt</url>
        </license>
      </licenses>
      <purl>pkg:nuget/xunit@2.4.1</purl>
      <externalReferences>
        <reference type="website">
          <url>https://github.com/xunit/xunit</url>
        </reference>
      </externalReferences>
    </component>
    <component type="library">
      <publisher>James Newkirk,Brad Wilson</publisher>
      <name>xunit.abstractions</name>
      <version>2.0.3</version>
      <description>Common abstractions used to exchange information between xUnit.net and version-independent runners (xunit.abstractions.dll).</description>
      <scope>excluded</scope>
      <hashes>
        <hash alg="SHA-512">3CA26B8B97F4A8440F16F818E82651F571BC2513A5592742FD960B9240D0B880FEF84827FB25A307E61FE7B019F14E864653FBCF7DEE0D0E3FAF90593DEAF624</hash>
      </hashes>
      <licenses>
        <license>
          <url>https://raw.githubusercontent.com/xunit/xunit/master/license.txt</url>
        </license>
      </licenses>
      <purl>pkg:nuget/xunit.abstractions@2.0.3</purl>
      <externalReferences>
        <reference type="website">
          <url>https://github.com/xunit/xunit</url>
        </reference>
      </externalReferences>
    </component>
    <component type="library">
      <publisher>Marcin Dobosz</publisher>
      <name>xunit.analyzers</name>
      <version>0.10.0</version>
      <description>Code Analyzers for xUnit.net</description>
      <scope>excluded</scope>
      <hashes>
        <hash alg="SHA-512">530E84AA43A6B74232B2D52DCE453853C8B1084CFEA62AA0733CA83D3D344703C3B161ED5B0CDE763B014134BA3F5876FAEC0317AC3952962DE7F49213B79EC5</hash>
      </hashes>
      <licenses>
        <license>
          <id>NOASSERTION</id>
          <url>https://raw.githubusercontent.com/xunit/xunit.analyzers/master/LICENSE</url>
        </license>
      </licenses>
      <purl>pkg:nuget/xunit.analyzers@0.10.0</purl>
      <externalReferences>
        <reference type="website">
          <url>https://github.com/xunit/xunit.analyzers</url>
        </reference>
      </externalReferences>
    </component>
    <component type="library">
      <publisher>James Newkirk,Brad Wilson</publisher>
      <name>xunit.assert</name>
      <version>2.4.1</version>
      <description>Includes the assertion library from xUnit.net (xunit.assert.dll).</description>
      <scope>excluded</scope>
      <hashes>
        <hash alg="SHA-512">C5680265048178CF42EC093E56ECC6B10AFB2B93832D5B172B7836B030F7F3FDCB8E89B621B5893EE746F3E22CB2982F7E91A1D20F4E7B9BCB73C53E8B38E279</hash>
      </hashes>
      <licenses>
        <license>
          <url>https://raw.githubusercontent.com/xunit/xunit/master/license.txt</url>
        </license>
      </licenses>
      <purl>pkg:nuget/xunit.assert@2.4.1</purl>
      <externalReferences>
        <reference type="website">
          <url>https://github.com/xunit/xunit</url>
        </reference>
      </externalReferences>
    </component>
    <component type="library">
      <publisher>James Newkirk,Brad Wilson</publisher>
      <name>xunit.core</name>
      <version>2.4.1</version>
      <description>Includes the libraries for writing unit tests with xUnit.net.</description>
      <scope>excluded</scope>
      <hashes>
        <hash alg="SHA-512">F2D68C940432F6A43B4DB8AAAF64C0C06914F97D2C72443EF7A8FB47D397FD4B758261C46B841822B23C735E63DE22938F75F3C90315A219133166BCD0145FEB</hash>
      </hashes>
      <licenses>
        <license>
          <url>https://raw.githubusercontent.com/xunit/xunit/master/license.txt</url>
        </license>
      </licenses>
      <purl>pkg:nuget/xunit.core@2.4.1</purl>
      <externalReferences>
        <reference type="website">
          <url>https://github.com/xunit/xunit</url>
        </reference>
      </externalReferences>
    </component>
    <component type="library">
      <publisher>James Newkirk,Brad Wilson</publisher>
      <name>xunit.extensibility.core</name>
      <version>2.4.1</version>
      <description>Includes xunit.core.dll for extensibility purposes.</description>
      <scope>excluded</scope>
      <hashes>
        <hash alg="SHA-512">AA477119FC5DB00BAB105B2BF33E8B7E805155BE1571B7B2935C05F8C46B39BAEEC0EB65ECEFA28505041D7F1F9D99E5505B18EA447EF6D7307A898BB28711D4</hash>
      </hashes>
      <licenses>
        <license>
          <url>https://raw.githubusercontent.com/xunit/xunit/master/license.txt</url>
        </license>
      </licenses>
      <purl>pkg:nuget/xunit.extensibility.core@2.4.1</purl>
      <externalReferences>
        <reference type="website">
          <url>https://github.com/xunit/xunit</url>
        </reference>
      </externalReferences>
    </component>
    <component type="library">
      <publisher>James Newkirk,Brad Wilson</publisher>
      <name>xunit.extensibility.execution</name>
      <version>2.4.1</version>
      <description>Includes xunit.execution.*.dll for extensibility purposes.</description>
      <scope>excluded</scope>
      <hashes>
        <hash alg="SHA-512">81CF13C553DEC37F87CBAA894ECEF42478ABB52B79932DFCD20C42F1017E56658EB3A11D586968F719B7511926FA03DB13DAE85557E7AF0E40BAA14DAF8479D9</hash>
      </hashes>
      <licenses>
        <license>
          <url>https://raw.githubusercontent.com/xunit/xunit/master/license.txt</url>
        </license>
      </licenses>
      <purl>pkg:nuget/xunit.extensibility.execution@2.4.1</purl>
      <externalReferences>
        <reference type="website">
          <url>https://github.com/xunit/xunit</url>
        </reference>
      </externalReferences>
    </component>
  </components>
</bom>
