<?xml version="1.0" encoding="utf-8"?>
<bom xmlns:xsi="http://www.w3.org/2001/XMLSchema-instance" xmlns:xsd="http://www.w3.org/2001/XMLSchema" version="1" xmlns="http://cyclonedx.org/schema/bom/1.2">
  <metadata>
    <tools>
      <tool>
        <vendor>CycloneDX</vendor>
        <name>CycloneDX module for .NET</name>
        <version>1.0.0.0</version>
      </tool>
    </tools>
  </metadata>
  <components>
    <component type="library">
      <publisher>James Newton-King</publisher>
      <name>Newtonsoft.Json</name>
      <version>9.0.1</version>
      <description>Json.NET is a popular high-performance JSON framework for .NET</description>
      <hashes>
        <hash alg="SHA-512">DA8917A5347051C8106F4EA9BADE4BC300A3B60A05A3BE3390F92C8DCBCEA67223C7B4DA8065B9228042000E25B99C75FAD7E2221A0DAA8888ED8EF3C161B228</hash>
      </hashes>
      <licenses>
        <license>
          <url>https://raw.github.com/JamesNK/Newtonsoft.Json/master/LICENSE.md</url>
        </license>
      </licenses>
      <purl>pkg:nuget/Newtonsoft.Json@9.0.1</purl>
      <externalReferences>
        <reference type="website">
          <url>http://www.newtonsoft.com/json</url>
        </reference>
      </externalReferences>
    </component>
    <component type="library">
      <publisher>Microsoft</publisher>
      <name>NuGet.Common</name>
      <version>5.2.0</version>
      <description>NuGet client library.</description>
      <hashes>
        <hash alg="SHA-512">35132826145CA3F922D3BEDB6E739F83A5D5BF420225C3118A3EF1DF2E788174125D54B8C567BDDB1EA301EA9693F89D047DB1BDAFB643AC7715FD49F5E21ACF</hash>
      </hashes>
      <licenses>
        <license>
          <id>Apache-2.0</id>
        </license>
      </licenses>
      <copyright>© Microsoft Corporation. All rights reserved.</copyright>
      <purl>pkg:nuget/NuGet.Common@5.2.0</purl>
      <externalReferences>
        <reference type="website">
          <url>https://aka.ms/nugetprj</url>
        </reference>
        <reference type="vcs">
          <url>https://github.com/NuGet/NuGet.Client</url>
        </reference>
      </externalReferences>
    </component>
    <component type="library">
      <publisher>Microsoft</publisher>
      <name>NuGet.Configuration</name>
      <version>5.2.0</version>
      <description>NuGet's client configuration settings implementation.</description>
      <hashes>
        <hash alg="SHA-512">3FCB6A18B86556D81E8419A158F4BC0C8E8623EAC4BBCDC3CE17E4D88687D060938827D997E8D4BDF32766EC33D21F69D41F95258B8CDCA17A4F1B339A15A89B</hash>
      </hashes>
      <licenses>
        <license>
          <id>Apache-2.0</id>
        </license>
      </licenses>
      <copyright>© Microsoft Corporation. All rights reserved.</copyright>
      <purl>pkg:nuget/NuGet.Configuration@5.2.0</purl>
      <externalReferences>
        <reference type="website">
          <url>https://aka.ms/nugetprj</url>
        </reference>
        <reference type="vcs">
          <url>https://github.com/NuGet/NuGet.Client</url>
        </reference>
      </externalReferences>
    </component>
    <component type="library">
      <publisher>Microsoft</publisher>
      <name>NuGet.DependencyResolver.Core</name>
      <version>5.2.0</version>
      <description>NuGet client library.</description>
      <hashes>
        <hash alg="SHA-512">9C39C53305E1FAF7C9B9A95DB247F05655DCD4E4CDF5C5C564BD28407B114D67C4603E571B981D1EAC989750B3C32FAF199F05AEAAD06C7AFAFB1C18B071D600</hash>
      </hashes>
      <licenses>
        <license>
          <id>Apache-2.0</id>
        </license>
      </licenses>
      <copyright>© Microsoft Corporation. All rights reserved.</copyright>
      <purl>pkg:nuget/NuGet.DependencyResolver.Core@5.2.0</purl>
      <externalReferences>
        <reference type="website">
          <url>https://aka.ms/nugetprj</url>
        </reference>
        <reference type="vcs">
          <url>https://github.com/NuGet/NuGet.Client</url>
        </reference>
      </externalReferences>
    </component>
    <component type="library">
      <publisher>Microsoft</publisher>
      <name>NuGet.Frameworks</name>
      <version>5.2.0</version>
      <description>The understanding of target frameworks for NuGet.Packaging.</description>
      <hashes>
        <hash alg="SHA-512">2ACBA3C3E6D1257968FCCB6E218776455ADE3C626E2829512310DDC1BEE8C142A3C9EF681BF793A1F6A158014FE4A5A7AE9278A55E560C4C8545343D7A2B7028</hash>
      </hashes>
      <licenses>
        <license>
          <id>Apache-2.0</id>
        </license>
      </licenses>
      <copyright>© Microsoft Corporation. All rights reserved.</copyright>
      <purl>pkg:nuget/NuGet.Frameworks@5.2.0</purl>
      <externalReferences>
        <reference type="website">
          <url>https://aka.ms/nugetprj</url>
        </reference>
        <reference type="vcs">
          <url>https://github.com/NuGet/NuGet.Client</url>
        </reference>
      </externalReferences>
    </component>
    <component type="library">
      <publisher>Microsoft</publisher>
      <name>NuGet.LibraryModel</name>
      <version>5.2.0</version>
      <description>NuGet client library.</description>
      <hashes>
        <hash alg="SHA-512">2411D6BB82FFF5AA619C50B2978771934F6F1F1D39EDC9B87841050A76C0EAB61D84ADE46AC5B9C65F32F7654E283A92BDC685F8E8EF708B98A50F8591D19AD4</hash>
      </hashes>
      <licenses>
        <license>
          <id>Apache-2.0</id>
        </license>
      </licenses>
      <copyright>© Microsoft Corporation. All rights reserved.</copyright>
      <purl>pkg:nuget/NuGet.LibraryModel@5.2.0</purl>
      <externalReferences>
        <reference type="website">
          <url>https://aka.ms/nugetprj</url>
        </reference>
        <reference type="vcs">
          <url>https://github.com/NuGet/NuGet.Client</url>
        </reference>
      </externalReferences>
    </component>
    <component type="library">
      <publisher>Microsoft</publisher>
      <name>NuGet.Packaging</name>
      <version>5.2.0</version>
      <description>NuGet's implementation for reading nupkg package and nuspec package specification files.</description>
      <hashes>
        <hash alg="SHA-512">A1C67FF4A8C02B8A548643A1EC3451CB77BBF9150407901190F39BB5E7A9D9D6C4F3BD44C0C161A115777AB09A9689D9708BC6E3BFFF3E2071BA55916EE6CF3D</hash>
      </hashes>
      <licenses>
        <license>
          <id>Apache-2.0</id>
        </license>
      </licenses>
      <copyright>© Microsoft Corporation. All rights reserved.</copyright>
      <purl>pkg:nuget/NuGet.Packaging@5.2.0</purl>
      <externalReferences>
        <reference type="website">
          <url>https://aka.ms/nugetprj</url>
        </reference>
        <reference type="vcs">
          <url>https://github.com/NuGet/NuGet.Client</url>
        </reference>
      </externalReferences>
    </component>
    <component type="library">
      <publisher>Microsoft</publisher>
      <name>NuGet.ProjectModel</name>
      <version>5.2.0</version>
      <description>NuGet client library.</description>
      <hashes>
        <hash alg="SHA-512">E46FC853BAE913D57D00FA8B47DAC0485F9A4BE82AB312054542964777B68A4EC5B38317F357C329B2BD48458C47C6741032415EBAFF27B40CD87772444A4B57</hash>
      </hashes>
      <licenses>
        <license>
          <id>Apache-2.0</id>
        </license>
      </licenses>
      <copyright>© Microsoft Corporation. All rights reserved.</copyright>
      <purl>pkg:nuget/NuGet.ProjectModel@5.2.0</purl>
      <externalReferences>
        <reference type="website">
          <url>https://aka.ms/nugetprj</url>
        </reference>
        <reference type="vcs">
          <url>https://github.com/NuGet/NuGet.Client</url>
        </reference>
      </externalReferences>
    </component>
    <component type="library">
      <publisher>Microsoft</publisher>
      <name>NuGet.Protocol</name>
      <version>5.2.0</version>
      <description>NuGet client library.</description>
      <hashes>
        <hash alg="SHA-512">B00781F9220093400F47FA077CBC5E3706CA917826CC47CE671B2990DC98FC2173DDB45E8D890B73BCFC4B07E9A628B1DBD35072E3FC7F36525C0CE28FC75679</hash>
      </hashes>
      <licenses>
        <license>
          <id>Apache-2.0</id>
        </license>
      </licenses>
      <copyright>© Microsoft Corporation. All rights reserved.</copyright>
      <purl>pkg:nuget/NuGet.Protocol@5.2.0</purl>
      <externalReferences>
        <reference type="website">
          <url>https://aka.ms/nugetprj</url>
        </reference>
        <reference type="vcs">
          <url>https://github.com/NuGet/NuGet.Client</url>
        </reference>
      </externalReferences>
    </component>
    <component type="library">
      <publisher>Microsoft</publisher>
      <name>NuGet.Versioning</name>
      <version>5.2.0</version>
      <description>NuGet's implementation of Semantic Versioning.</description>
      <hashes>
        <hash alg="SHA-512">FAE603B3C59407F57E53C711E261B0F677083303745241F8B453D7FFE90A5C6D5E8F05D86AAFD5D6DEBE5E67BC43FF1DE0A431C38CDDF6F78F980F4C986258BE</hash>
      </hashes>
      <licenses>
        <license>
          <id>Apache-2.0</id>
        </license>
      </licenses>
      <copyright>© Microsoft Corporation. All rights reserved.</copyright>
      <purl>pkg:nuget/NuGet.Versioning@5.2.0</purl>
      <externalReferences>
        <reference type="website">
          <url>https://aka.ms/nugetprj</url>
        </reference>
        <reference type="vcs">
          <url>https://github.com/NuGet/NuGet.Client</url>
        </reference>
      </externalReferences>
    </component>
  </components>
</bom>
